n_hens=4 done (92s)
n_hens=8 done (228s)
n_hens=16 done (487s)
n_hens=32 done (1028s)

E046 -- T1 flock-size sweep, 8 seeds, 10 min, hawk every 20s, food_deplete_rate=0

n_hens  cond    head_down  caught/dive
4       L          0.5953       0.1733
4       C?         0.6062       0.1717
8       L          0.5755       0.1441
8       C?         0.6048       0.1349
16      L          0.5686       0.1088
16      C?         0.5748       0.1309
32      L          0.5427       0.0614
32      C?         0.5409       0.1331

n_hens    head_down L  head_down C?   L-C? t   caught/dive L-C?      t
4              0.5953        0.6062     0.48        +0.0015       0.03
8              0.5755        0.6048     1.88        +0.0093       0.32
16             0.5686        0.5748     0.46        -0.0222       1.01
32             0.5427        0.5409     0.20        -0.0716*      4.02

* = caught/dive contrast clears threshold t=2.365 (df=7)

head_down vs n_hens, linear slope: L=-0.001698/hen  C?=-0.002461/hen
wall clock: 1028 s
